[himon.framer.website/index.html]
[backblue.gif]
[fade.gif]
[index.html]
[himon.framer.website/services.html]
[himon.framer.website/solutions.html]
[himon.framer.website/about-us.html]
[himon.framer.website/investors.html]
[himon.framer.website/blog.html]
[himon.framer.website/career.html]
[himon.framer.website/contact.html]
[framerusercontent.com/images/oH7m3ktl7eepydraG2AO17MCg49582.jpg]
[framerusercontent.com/images/35ludU40udkv4l5nMQAVpHKCY6a8d.jpg]
[framerusercontent.com/images/P1N7KUY6NZXuvaDdHlT0sLW1Ysb6f7.jpg]
[himon.framer.website/services/freight-trucking.html]
[himon.framer.website/services/container-transport.html]
[framerusercontent.com/images/lcLNpP98vLZaxctOU78tpBHbiZc9b10.jpg]
[framerusercontent.com/images/U2wE3LwKXA8vnmmPOH8wMQgdzg919f.jpg]
[himon.framer.website/services/last-mile-delivery.html]
[framerusercontent.com/images/ON7wKwJXbMTJ8IjoUtg3eqpe8c604c.jpg]
[himon.framer.website/services/express-distribution.html]
[himon.framer.website/services/warehouse-and-storage.html]
[framerusercontent.com/images/hreIC3p6eaZEL3zjWqdQz7jMU81b2.jpg]
[framerusercontent.com/images/j9lIccvvnOJpX1nBQnZJjQfiX3Y0688.jpg]
[framerusercontent.com/images/e40Rh8zZhgYEOYCLyJwE4PEboc0c8.jpg]
[framerusercontent.com/images/1UVKL9Mm6UmYnQI9ayGI8zQU8I604c.jpg]
[framerusercontent.com/images/9zNimrKwUvk2mNjRHxl0CJeZ9cMb82a.jpg]
[framerusercontent.com/images/trG1BUWMMeFykVlOdm27afOdZQa4e8.png]
[framerusercontent.com/images/DdNz9Ctqj0pGDb7ReCqRvivL9Cg97d1.jpg]
[himon.framer.website/blog/why-transparency-is-the-new-standard-in-freight.html]
[framerusercontent.com/images/DQnJc1nCoL4FXYko8uOMyb1K2EM5c13.jpg]
[himon.framer.website/blog/the-road-to-net-zero-future-of-green-trucking.html]
[framerusercontent.com/images/EUP4ppgdhMMaMhjcUX6L1qcDMgEca27.jpg]
[framerusercontent.com/images/XKDdmKZaUIEfekhCxg5uX418QMwa328.jpg]
[himon.framer.website/blog/redefining-the-final-mile-speed-meets-precision.html]
[himon.framer.website/blog/forecasting-freight-capacity-with-ai.html]
[framerusercontent.com/images/crZXyVn8z3LbVge5zl7Nfas8sbA919f.jpg]
[himon.framer.website/blog/compliance-automating-border-friction.html]
[framerusercontent.com/images/OVAOaJs9WTxVoImzsjcKg1sfR8I66fc.jpg]
[framerusercontent.com/images/MuV3Q67tD2giQUMpQxkVhGd5LM35e1.jpg]
[himon.framer.website/legal/term-and-service.html]
[himon.framer.website/legal/privacy-policy.html]
[framerusercontent.com/images/P1N7KUY6NZXuvaDdHlT0sLW1Ys02e6.jpg]
[framerusercontent.com/images/lcLNpP98vLZaxctOU78tpBHbiZcc5c8.jpg]
[framerusercontent.com/images/U2wE3LwKXA8vnmmPOH8wMQgdzgcce9.jpg]
[framerusercontent.com/images/ON7wKwJXbMTJ8IjoUtg3eqpe8c6d92.jpg]
[framerusercontent.com/images/hreIC3p6eaZEL3zjWqdQz7jMU374d.jpg]
[framerusercontent.com/images/DQnJc1nCoL4FXYko8uOMyb1K2EMaadc.jpg]
[framerusercontent.com/images/EUP4ppgdhMMaMhjcUX6L1qcDMgEa6b0.jpg]
[framerusercontent.com/images/XKDdmKZaUIEfekhCxg5uX418QMw764f.jpg]
[framerusercontent.com/images/crZXyVn8z3LbVge5zl7Nfas8sbA8981.jpg]
[framerusercontent.com/images/OVAOaJs9WTxVoImzsjcKg1sfR8Ifd18.jpg]
[himon.framer.website/index.html]
[framerusercontent.com/images/FmTgcDNwtkks4Jt9LPUPeQzY5jY38be.jpg]
[framerusercontent.com/images/67WmAYtD68qj25CKN8XExgXMqk7595.jpg]
[himon.framer.website/services.html]
[framerusercontent.com/images/f3H6lN8peHtOmVpXgj44xOQUMY802a1.png]
[framerusercontent.com/images/yTIVUPuGZ4UjQN2qFJqiRwTQ3ae7.jpg]
[framerusercontent.com/images/yByD3NsEmBMgmI8jbJJ89nYWwdU7bb1.jpg]
[framerusercontent.com/images/Ot3Vuq9nCJLJJC7A90wDIORAe104.jpg]
[framerusercontent.com/images/TyPByccxE6cWDK8seSyHdbz41o35e1.jpg]
[framerusercontent.com/images/kCQuremMSX3oH5RH7wzqe65OWs9149.jpg]
[framerusercontent.com/images/OMCifSRtNJN1AG3nnBi4f5u5vrU5c44.jpg]
[himon.framer.website/solutions.html]
[framerusercontent.com/images/3pRSRLXrUjbmpr0OgLKMNIYd049.jpg]
[framerusercontent.com/images/0u2qGmN0ak9xaE3nlX3SoQG6Q432f.jpg]
[framerusercontent.com/images/IESb1xQb5iua8GJp9LwFdCJIjgQ74a1.jpg]
[framerusercontent.com/images/u3rAQCT8X7ghPN2BytIe4QhvQLU38a0.jpg]
[framerusercontent.com/images/wR9sIpLZ3TcrKYTJHzJm1YhuN0919f.jpg]
[framerusercontent.com/images/Ih8kfGWZK2VzmGHflGn64FudWMI2dd8.jpg]
[framerusercontent.com/images/mXGESAXbzHpEJnchfzuKZBRRgM502d.jpg]
[framerusercontent.com/images/xWpNTGRGIMCkYiAWByUGQ6m3TOMcd01.jpg]
[framerusercontent.com/images/vZW3QExeafY8ogiiWnlsg3Z00da7d.jpg]
[framerusercontent.com/images/bwKz4azuj4QmkTHquvbrlzWZ4af47.jpg]
[framerusercontent.com/images/m5np8zCG6ujM9Gp3kopc8cCSk82a6.jpg]
[framerusercontent.com/images/rAW0fhM5RsdIRQlFxyPnZs84tbka92d.png]
[framerusercontent.com/images/l1lzojAEFA0eJEInrWBcQczCsrUb488.jpg]
[framerusercontent.com/images/mWV3ibH2n2V6Kre3u8eFCWdR1U2ebd.jpg]
[framerusercontent.com/images/AV4b3WkpgzGvVrCqwFYAajSLuU82c9.jpg]
[framerusercontent.com/images/KREgozercsM1Bvs8FWLySElNk8I3428.png]
[framerusercontent.com/images/iNybHyn2ecySOW7eNCg1SPLRFw52e5.jpg]
[himon.framer.website/about-us.html]
[himon.framer.website/investors.html]
[himon.framer.website/blog/iot-securing-every-cargo-mile.html]
[framerusercontent.com/images/mvo8ItlntJk9RRZDBFI9ieznd8sfc90.jpg]
[framerusercontent.com/images/mvo8ItlntJk9RRZDBFI9ieznd8sd2b0.jpg]
[himon.framer.website/blog.html]
[himon.framer.website/career/technical-writer-api-documentation.html]
[himon.framer.website/career/head-of-carrier-relations-procurement.html]
[himon.framer.website/career/senior-data-analyst.html]
[himon.framer.website/career/global-trade-documentation-specialist.html]
[himon.framer.website/career/product-manager.html]
[himon.framer.website/career.html]
[himon.framer.website/contact.html]
[himon.framer.website/career/ai-logistics-solution-architect.html]
[framerusercontent.com/images/o9eq8dWwYnOMKYfC0Jf8GOME18c5.jpg]
[framerusercontent.com/images/uoIgjAmu4ko0RUcpL2WW2dphK8c504.jpg]
[framerusercontent.com/images/NfGCZkm6Lb75OrIuevmrcExEms919f.jpg]
[framerusercontent.com/images/e1S0ZaQvvOUMQTdqMoqeZXHxmwc74de.jpg]
[framerusercontent.com/images/g6Mh4GqKRc5b9UA7jWSGEIxE4886.jpg]
[framerusercontent.com/images/o9eq8dWwYnOMKYfC0Jf8GOME5472.jpg]
[framerusercontent.com/images/uoIgjAmu4ko0RUcpL2WW2dphK87072.jpg]
[framerusercontent.com/images/NfGCZkm6Lb75OrIuevmrcExEmsf87f.jpg]
[framerusercontent.com/images/e1S0ZaQvvOUMQTdqMoqeZXHxmwc9281.jpg]
[framerusercontent.com/images/g6Mh4GqKRc5b9UA7jWSGEIxEe712.jpg]
[himon.framer.website/services/freight-trucking.html]
[framerusercontent.com/images/riabXtytKyBUQex0iss3H2LRNvI1ddf.jpg]
[framerusercontent.com/images/26IuaTTwimccibLgvGop4XLldLoaafb.jpg]
[framerusercontent.com/images/Hr6t8ScCAwHOJkSXSmsF2S264Ab7a7.jpg]
[framerusercontent.com/images/XVXNsPWvdfia1m1DAHXaBu6RMU3b7b.jpg]
[framerusercontent.com/images/2z3TeC5cdTkCTtc11CEy6jtoiTAcb04.jpg]
[framerusercontent.com/images/riabXtytKyBUQex0iss3H2LRNvI3172.jpg]
[framerusercontent.com/images/26IuaTTwimccibLgvGop4XLldLob58a.jpg]
[framerusercontent.com/images/Hr6t8ScCAwHOJkSXSmsF2S264A8565.jpg]
[framerusercontent.com/images/XVXNsPWvdfia1m1DAHXaBu6RMU5ea2.jpg]
[framerusercontent.com/images/2z3TeC5cdTkCTtc11CEy6jtoiTA1eb0.jpg]
[himon.framer.website/services/container-transport.html]
[framerusercontent.com/images/AiuHL1jhzCEuSJsi05ZkuCms9c4fff.jpg]
[framerusercontent.com/images/BNCzuo8DaI6NGedfWYKOJKAxaY97d1.jpg]
[framerusercontent.com/images/d9FDdJrL5IMM32ALM9aQMfPS8Ie2d6.jpg]
[framerusercontent.com/images/NfA7etr3usSupnI52q1YkE46pw6ec5.jpg]
[framerusercontent.com/images/gH3gPULpwEUIiu0mBF744JzOSVg2ccb.jpg]
[framerusercontent.com/images/AiuHL1jhzCEuSJsi05ZkuCms9cbdaf.jpg]
[framerusercontent.com/images/BNCzuo8DaI6NGedfWYKOJKAxaY8225.jpg]
[framerusercontent.com/images/d9FDdJrL5IMM32ALM9aQMfPS8I284c.jpg]
[framerusercontent.com/images/NfA7etr3usSupnI52q1YkE46pwcb22.jpg]
[framerusercontent.com/images/gH3gPULpwEUIiu0mBF744JzOSVg249f.jpg]
[himon.framer.website/services/last-mile-delivery.html]
[framerusercontent.com/images/CyDkUvYbmnJTvi51Pu83hiF0NuAadb0.jpg]
[framerusercontent.com/images/aZ1DIP9Y1B472segtJf829A809I3b7b.jpg]
[framerusercontent.com/images/uXBHlZnXOnYj1CjggpyJyQs4Zjk4dec.jpg]
[framerusercontent.com/images/QVoyHX0aAVqBJDDkS55aj5Y7Rcf483.jpg]
[framerusercontent.com/images/mBQiV9hPYaVTTHLVIPstMKweU7536.jpg]
[framerusercontent.com/images/CyDkUvYbmnJTvi51Pu83hiF0NuA27a6.jpg]
[framerusercontent.com/images/aZ1DIP9Y1B472segtJf829A809Ibdae.jpg]
[framerusercontent.com/images/uXBHlZnXOnYj1CjggpyJyQs4Zjkb09a.jpg]
[framerusercontent.com/images/QVoyHX0aAVqBJDDkS55aj5Y7Rcb193.jpg]
[framerusercontent.com/images/mBQiV9hPYaVTTHLVIPstMKweUd1af.jpg]
[himon.framer.website/services/warehouse-and-storage.html]
[framerusercontent.com/images/A375znuwejoEol87jTJvlcKHP7Uadb0.jpg]
[framerusercontent.com/images/M7k1VqpY5HelEhikMPlR5YM1uAb488.jpg]
[framerusercontent.com/images/rvmHBhLwSPc78SrHBJIkydGRw0f89.jpg]
[framerusercontent.com/images/L4HyEvJpw2MGzxZAUBuy1an8PW46abc.jpg]
[framerusercontent.com/images/A375znuwejoEol87jTJvlcKHP7U6b5b.jpg]
[framerusercontent.com/images/M7k1VqpY5HelEhikMPlR5YM1uA4be5.jpg]
[framerusercontent.com/images/rvmHBhLwSPc78SrHBJIkydGRw686d.jpg]
[framerusercontent.com/images/L4HyEvJpw2MGzxZAUBuy1an8PW41314.jpg]
[himon.framer.website/services/express-distribution.html]
[framerusercontent.com/images/Thaj5L87010X6dswUp2RT7zsIg97d1.jpg]
[framerusercontent.com/images/BaHdVgSrOza5RdH2poXAhBEhslU27b7.jpg]
[framerusercontent.com/images/Thaj5L87010X6dswUp2RT7zsIg60d9.jpg]
[himon.framer.website/blog/last-mile-delivering-verified-trust.html]
[framerusercontent.com/images/BaHdVgSrOza5RdH2poXAhBEhslU6258.jpg]
[himon.framer.website/blog/why-transparency-is-the-new-standard-in-freight.html]
[framerusercontent.com/images/lrIUemBmlW78JmQFTIH0GTUR9o1b54.jpg]
[himon.framer.website/blog/digital-ports-ending-container-delays.html]
[framerusercontent.com/images/AQ61IjIgGrCr062LqlEiG3i1WM8ad6c.jpg]
[framerusercontent.com/images/lrIUemBmlW78JmQFTIH0GTUR9of3b8.jpg]
[framerusercontent.com/images/AQ61IjIgGrCr062LqlEiG3i1WM8b4af.jpg]
[himon.framer.website/blog/the-road-to-net-zero-future-of-green-trucking.html]
[framerusercontent.com/images/Ch0yleJB8OEcGQKdJjCx2Z0Es8919f.jpg]
[framerusercontent.com/images/KzCXTkPl8iDYmJcLBexeJX6geHkf6f8.jpg]
[himon.framer.website/blog/ai-conquers-global-logistics-chaos.html]
[framerusercontent.com/images/nBqL4xG2ukciiHAohH2C2l93CdQdae5.jpg]
[framerusercontent.com/images/Ch0yleJB8OEcGQKdJjCx2Z0Es84a9f.jpg]
[framerusercontent.com/images/KzCXTkPl8iDYmJcLBexeJX6geHk7538.jpg]
[framerusercontent.com/images/nBqL4xG2ukciiHAohH2C2l93CdQ08b0.jpg]
[himon.framer.website/blog/redefining-the-final-mile-speed-meets-precision.html]
[framerusercontent.com/images/IESb1xQb5iua8GJp9LwFdCJIjgQ7bb3.jpg]
[himon.framer.website/blog/forecasting-freight-capacity-with-ai.html]
[framerusercontent.com/images/w4mSMQaCeBPiFQS886zK4hfoGzUa20c.jpg]
[framerusercontent.com/images/w4mSMQaCeBPiFQS886zK4hfoGzU4d7c.jpg]
[himon.framer.website/blog/compliance-automating-border-friction.html]
[himon.framer.website/legal/term-and-service.html]
[himon.framer.website/legal/privacy-policy.html]
[framerusercontent.com/images/61JrMc5oA9dRdVlfAXBJKqlpsYs928d.jpg]
[framerusercontent.com/images/XdPSBFh1Ff0RrIQ5BwRs93CKs0e2d7.jpg]
[framerusercontent.com/images/61JrMc5oA9dRdVlfAXBJKqlpsYs5825.jpg]
[framerusercontent.com/images/XdPSBFh1Ff0RrIQ5BwRs93CKs02a85.jpg]
[himon.framer.website/blog/iot-securing-every-cargo-mile.html]
[himon.framer.website/career/technical-writer-api-documentation.html]
[himon.framer.website/career/head-of-carrier-relations-procurement.html]
[himon.framer.website/career/senior-data-analyst.html]
[himon.framer.website/career/global-trade-documentation-specialist.html]
[himon.framer.website/career/product-manager.html]
[himon.framer.website/career/ai-logistics-solution-architect.html]
[framerusercontent.com/images/cp8fv4Fq5ZstuqeLlr9PYzedHc823b7.jpg]
[framerusercontent.com/images/DuZFYAuQ1R6Jwt0fHlGDBNBIGcc2243.jpg]
[framerusercontent.com/images/cp8fv4Fq5ZstuqeLlr9PYzedHc82859.jpg]
[framerusercontent.com/images/DuZFYAuQ1R6Jwt0fHlGDBNBIGccbf32.jpg]
[himon.framer.website/blog/last-mile-delivering-verified-trust.html]
[framerusercontent.com/images/2fCc7ST2ElDRGtaKI0MLkBKcI1fd2.jpg]
[framerusercontent.com/images/iv0czx8shv9nVUEZ5ZqkXTb4LAk919f.jpg]
[framerusercontent.com/images/2fCc7ST2ElDRGtaKI0MLkBKcI35a3.jpg]
[framerusercontent.com/images/iv0czx8shv9nVUEZ5ZqkXTb4LAkc80f.jpg]
[himon.framer.website/blog/digital-ports-ending-container-delays.html]
[framerusercontent.com/images/Ef02MGMFgbhTxsNgJWfebQgjuq07c28.jpg]
[framerusercontent.com/images/BGEHVGUCItwvttePKlCDvckKQkwf986.png]
[framerusercontent.com/images/Ef02MGMFgbhTxsNgJWfebQgjuq077d0.jpg]
[framerusercontent.com/images/BGEHVGUCItwvttePKlCDvckKQkw0c81.png]
[himon.framer.website/blog/ai-conquers-global-logistics-chaos.html]
